Running tests ...
[1A[KRunning 58 tests in 1 runtime ...
[1A[K[1m[32m58 tests, 333 assertions, 1 runtime ... OK[0m
